[dotenv@17.2.2] injecting env (14) from .env -- tip: ÔÜÖ´©Å  write to custom object with { processEnv: myObject }
Starting test...
[DocBuilder] HTML temporal guardado en: C:\Users\USUARIO\Documents\PNPHYO\backend-mesa-de-partes\temp\caratula-1764078692385.html
node : [DocBuilder] 
Error generando la 
car├ítula: 
TypeError: 
page.waitForTimeout 
is not a function
En línea: 1 
Carácter: 1
+ node 
test_gen_caratula.js 
> test_output.txt 
2>&1
+ ~~~~~~~~~~~~~~~~~~~
~~~~~~~~~~~~~~~~~~~~~
~~~~~~~~
    + CategoryInfo   
           : NotSpe  
  cified: ([DocBui   
 lder] Er... not     
a function:Strin    
g) [], RemoteExc    
eption
    + FullyQualified 
   ErrorId : Native  
  CommandError
 
    at DocumentBuilde
rService.generarCarat
ula (file:///C:/Users
/USUARIO/Documents/PN
PHYO/backend-mesa-de-
partes/src/services/D
ocumentBuilderService
.js:148:18)
    at process.proces
sTicksAndRejections (
node:internal/process
/task_queues:105:5)
    at async test (fi
le:///C:/Users/USUARI
O/Documents/PNPHYO/ba
ckend-mesa-de-partes/
test_gen_caratula.js:
10:24)
ERROR: TypeError: 
page.waitForTimeout 
is not a function
    at DocumentBuilde
rService.generarCarat
ula (file:///C:/Users
/USUARIO/Documents/PN
PHYO/backend-mesa-de-
partes/src/services/D
ocumentBuilderService
.js:148:18)
    at process.proces
sTicksAndRejections (
node:internal/process
/task_queues:105:5)
    at async test (fi
le:///C:/Users/USUARI
O/Documents/PNPHYO/ba
ckend-mesa-de-partes/
test_gen_caratula.js:
10:24)
